===================== AC =====================
Discovering input volumes ...
Found 724 volumes for ['AC']
PCA reorientation test (round 4) | animals=['AC'] | workers=8
Results -> /zhome/1c/0/216847/Desktop/fagprojekt/HPC_round_4/experiments/AC

[1/1] pca_seg ...
   Pass 1/3: segment 10 volumes on 8 workers
   Pass 1 done in 22s
   Pass 2/3: PCA principal axis for 10 volumes
   Pass 2 done in 0.40s
   Pass 3/3: rotate + QA render 10 volumes on 8 workers
   Pass 3 done in 168s
      done: 10/10 rotated | p1=22.24s p2=0.4s p3=168.48s | check composites under /zhome/1c/0/216847/Desktop/fagprojekt/HPC_round_4/experiments/AC/pca_seg/composites/

Summary written to /zhome/1c/0/216847/Desktop/fagprojekt/HPC_round_4/experiments/AC/summary.csv
Composites for manual correctness counting are under /zhome/1c/0/216847/Desktop/fagprojekt/HPC_round_4/experiments/AC/pca_seg/composites/
Reminder: head/tail direction is NOT resolved -- count head-UP by hand; ~50% head-down is expected for a pure PCA axis alignment.
===================== BC =====================
Discovering input volumes ...
Found 761 volumes for ['BC']
PCA reorientation test (round 4) | animals=['BC'] | workers=8
Results -> /zhome/1c/0/216847/Desktop/fagprojekt/HPC_round_4/experiments/BC

[1/1] pca_seg ...
   Pass 1/3: segment 10 volumes on 8 workers
   Pass 1 done in 19s
   Pass 2/3: PCA principal axis for 10 volumes
   Pass 2 done in 0.11s
   Pass 3/3: rotate + QA render 10 volumes on 8 workers
   Pass 3 done in 170s
      done: 10/10 rotated | p1=19.15s p2=0.11s p3=170.33s | check composites under /zhome/1c/0/216847/Desktop/fagprojekt/HPC_round_4/experiments/BC/pca_seg/composites/

Summary written to /zhome/1c/0/216847/Desktop/fagprojekt/HPC_round_4/experiments/BC/summary.csv
Composites for manual correctness counting are under /zhome/1c/0/216847/Desktop/fagprojekt/HPC_round_4/experiments/BC/pca_seg/composites/
Reminder: head/tail direction is NOT resolved -- count head-UP by hand; ~50% head-down is expected for a pure PCA axis alignment.
===================== BF =====================
Discovering input volumes ...
Found 733 volumes for ['BF']
PCA reorientation test (round 4) | animals=['BF'] | workers=8
Results -> /zhome/1c/0/216847/Desktop/fagprojekt/HPC_round_4/experiments/BF

[1/1] pca_seg ...
   Pass 1/3: segment 10 volumes on 8 workers
   Pass 1 done in 20s
   Pass 2/3: PCA principal axis for 10 volumes
   Pass 2 done in 0.13s
   Pass 3/3: rotate + QA render 10 volumes on 8 workers
   Pass 3 done in 171s
      done: 10/10 rotated | p1=20.27s p2=0.13s p3=171.44s | check composites under /zhome/1c/0/216847/Desktop/fagprojekt/HPC_round_4/experiments/BF/pca_seg/composites/

Summary written to /zhome/1c/0/216847/Desktop/fagprojekt/HPC_round_4/experiments/BF/summary.csv
Composites for manual correctness counting are under /zhome/1c/0/216847/Desktop/fagprojekt/HPC_round_4/experiments/BF/pca_seg/composites/
Reminder: head/tail direction is NOT resolved -- count head-UP by hand; ~50% head-down is expected for a pure PCA axis alignment.
===================== BL =====================
Discovering input volumes ...
Found 773 volumes for ['BL']
PCA reorientation test (round 4) | animals=['BL'] | workers=8
Results -> /zhome/1c/0/216847/Desktop/fagprojekt/HPC_round_4/experiments/BL

[1/1] pca_seg ...
   Pass 1/3: segment 10 volumes on 8 workers
   Pass 1 done in 19s
   Pass 2/3: PCA principal axis for 10 volumes
   Pass 2 done in 0.08s
   Pass 3/3: rotate + QA render 10 volumes on 8 workers
   Pass 3 done in 172s
      done: 10/10 rotated | p1=19.44s p2=0.08s p3=171.58s | check composites under /zhome/1c/0/216847/Desktop/fagprojekt/HPC_round_4/experiments/BL/pca_seg/composites/

Summary written to /zhome/1c/0/216847/Desktop/fagprojekt/HPC_round_4/experiments/BL/summary.csv
Composites for manual correctness counting are under /zhome/1c/0/216847/Desktop/fagprojekt/HPC_round_4/experiments/BL/pca_seg/composites/
Reminder: head/tail direction is NOT resolved -- count head-UP by hand; ~50% head-down is expected for a pure PCA axis alignment.
===================== BP =====================
Discovering input volumes ...
Found 748 volumes for ['BP']
PCA reorientation test (round 4) | animals=['BP'] | workers=8
Results -> /zhome/1c/0/216847/Desktop/fagprojekt/HPC_round_4/experiments/BP

[1/1] pca_seg ...
   Pass 1/3: segment 10 volumes on 8 workers
   Pass 1 done in 19s
   Pass 2/3: PCA principal axis for 10 volumes
   Pass 2 done in 0.08s
   Pass 3/3: rotate + QA render 10 volumes on 8 workers
   Pass 3 done in 172s
      done: 10/10 rotated | p1=19.04s p2=0.08s p3=172.49s | check composites under /zhome/1c/0/216847/Desktop/fagprojekt/HPC_round_4/experiments/BP/pca_seg/composites/

Summary written to /zhome/1c/0/216847/Desktop/fagprojekt/HPC_round_4/experiments/BP/summary.csv
Composites for manual correctness counting are under /zhome/1c/0/216847/Desktop/fagprojekt/HPC_round_4/experiments/BP/pca_seg/composites/
Reminder: head/tail direction is NOT resolved -- count head-UP by hand; ~50% head-down is expected for a pure PCA axis alignment.
===================== CF =====================
Discovering input volumes ...
Found 756 volumes for ['CF']
PCA reorientation test (round 4) | animals=['CF'] | workers=8
Results -> /zhome/1c/0/216847/Desktop/fagprojekt/HPC_round_4/experiments/CF

[1/1] pca_seg ...
   Pass 1/3: segment 10 volumes on 8 workers
   Pass 1 done in 20s
   Pass 2/3: PCA principal axis for 10 volumes
   Pass 2 done in 0.07s
   Pass 3/3: rotate + QA render 10 volumes on 8 workers
   Pass 3 done in 170s
      done: 10/10 rotated | p1=20.17s p2=0.07s p3=170.24s | check composites under /zhome/1c/0/216847/Desktop/fagprojekt/HPC_round_4/experiments/CF/pca_seg/composites/

Summary written to /zhome/1c/0/216847/Desktop/fagprojekt/HPC_round_4/experiments/CF/summary.csv
Composites for manual correctness counting are under /zhome/1c/0/216847/Desktop/fagprojekt/HPC_round_4/experiments/CF/pca_seg/composites/
Reminder: head/tail direction is NOT resolved -- count head-UP by hand; ~50% head-down is expected for a pure PCA axis alignment.
===================== GH =====================
Discovering input volumes ...
Found 713 volumes for ['GH']
PCA reorientation test (round 4) | animals=['GH'] | workers=8
Results -> /zhome/1c/0/216847/Desktop/fagprojekt/HPC_round_4/experiments/GH

[1/1] pca_seg ...
   Pass 1/3: segment 10 volumes on 8 workers
   Pass 1 done in 20s
   Pass 2/3: PCA principal axis for 10 volumes
   Pass 2 done in 0.26s
   Pass 3/3: rotate + QA render 10 volumes on 8 workers
   Pass 3 done in 168s
      done: 10/10 rotated | p1=19.73s p2=0.26s p3=168.45s | check composites under /zhome/1c/0/216847/Desktop/fagprojekt/HPC_round_4/experiments/GH/pca_seg/composites/

Summary written to /zhome/1c/0/216847/Desktop/fagprojekt/HPC_round_4/experiments/GH/summary.csv
Composites for manual correctness counting are under /zhome/1c/0/216847/Desktop/fagprojekt/HPC_round_4/experiments/GH/pca_seg/composites/
Reminder: head/tail direction is NOT resolved -- count head-UP by hand; ~50% head-down is expected for a pure PCA axis alignment.
===================== MA =====================
Discovering input volumes ...
Found 758 volumes for ['MA']
PCA reorientation test (round 4) | animals=['MA'] | workers=8
Results -> /zhome/1c/0/216847/Desktop/fagprojekt/HPC_round_4/experiments/MA

[1/1] pca_seg ...
   Pass 1/3: segment 10 volumes on 8 workers
   Pass 1 done in 20s
   Pass 2/3: PCA principal axis for 10 volumes
   Pass 2 done in 0.13s
   Pass 3/3: rotate + QA render 10 volumes on 8 workers
   Pass 3 done in 171s
      done: 10/10 rotated | p1=20.18s p2=0.13s p3=170.51s | check composites under /zhome/1c/0/216847/Desktop/fagprojekt/HPC_round_4/experiments/MA/pca_seg/composites/

Summary written to /zhome/1c/0/216847/Desktop/fagprojekt/HPC_round_4/experiments/MA/summary.csv
Composites for manual correctness counting are under /zhome/1c/0/216847/Desktop/fagprojekt/HPC_round_4/experiments/MA/pca_seg/composites/
Reminder: head/tail direction is NOT resolved -- count head-UP by hand; ~50% head-down is expected for a pure PCA axis alignment.
===================== ML =====================
Discovering input volumes ...
Found 737 volumes for ['ML']
PCA reorientation test (round 4) | animals=['ML'] | workers=8
Results -> /zhome/1c/0/216847/Desktop/fagprojekt/HPC_round_4/experiments/ML

[1/1] pca_seg ...
   Pass 1/3: segment 10 volumes on 8 workers
   Pass 1 done in 19s
   Pass 2/3: PCA principal axis for 10 volumes
   Pass 2 done in 0.21s
   Pass 3/3: rotate + QA render 10 volumes on 8 workers
   Pass 3 done in 168s
      done: 10/10 rotated | p1=19.49s p2=0.21s p3=167.85s | check composites under /zhome/1c/0/216847/Desktop/fagprojekt/HPC_round_4/experiments/ML/pca_seg/composites/

Summary written to /zhome/1c/0/216847/Desktop/fagprojekt/HPC_round_4/experiments/ML/summary.csv
Composites for manual correctness counting are under /zhome/1c/0/216847/Desktop/fagprojekt/HPC_round_4/experiments/ML/pca_seg/composites/
Reminder: head/tail direction is NOT resolved -- count head-UP by hand; ~50% head-down is expected for a pure PCA axis alignment.
===================== PP =====================
Discovering input volumes ...
Found 765 volumes for ['PP']
PCA reorientation test (round 4) | animals=['PP'] | workers=8
Results -> /zhome/1c/0/216847/Desktop/fagprojekt/HPC_round_4/experiments/PP

[1/1] pca_seg ...
   Pass 1/3: segment 10 volumes on 8 workers
   Pass 1 done in 19s
   Pass 2/3: PCA principal axis for 10 volumes
   Pass 2 done in 0.10s
   Pass 3/3: rotate + QA render 10 volumes on 8 workers
   Pass 3 done in 171s
      done: 10/10 rotated | p1=19.43s p2=0.1s p3=171.3s | check composites under /zhome/1c/0/216847/Desktop/fagprojekt/HPC_round_4/experiments/PP/pca_seg/composites/

Summary written to /zhome/1c/0/216847/Desktop/fagprojekt/HPC_round_4/experiments/PP/summary.csv
Composites for manual correctness counting are under /zhome/1c/0/216847/Desktop/fagprojekt/HPC_round_4/experiments/PP/pca_seg/composites/
Reminder: head/tail direction is NOT resolved -- count head-UP by hand; ~50% head-down is expected for a pure PCA axis alignment.
===================== SL =====================
Discovering input volumes ...
Found 740 volumes for ['SL']
PCA reorientation test (round 4) | animals=['SL'] | workers=8
Results -> /zhome/1c/0/216847/Desktop/fagprojekt/HPC_round_4/experiments/SL

[1/1] pca_seg ...
   Pass 1/3: segment 10 volumes on 8 workers
   Pass 1 done in 20s
   Pass 2/3: PCA principal axis for 10 volumes
   Pass 2 done in 0.33s
   Pass 3/3: rotate + QA render 10 volumes on 8 workers
   Pass 3 done in 168s
      done: 10/10 rotated | p1=19.96s p2=0.33s p3=167.57s | check composites under /zhome/1c/0/216847/Desktop/fagprojekt/HPC_round_4/experiments/SL/pca_seg/composites/

Summary written to /zhome/1c/0/216847/Desktop/fagprojekt/HPC_round_4/experiments/SL/summary.csv
Composites for manual correctness counting are under /zhome/1c/0/216847/Desktop/fagprojekt/HPC_round_4/experiments/SL/pca_seg/composites/
Reminder: head/tail direction is NOT resolved -- count head-UP by hand; ~50% head-down is expected for a pure PCA axis alignment.
===================== WO =====================
Discovering input volumes ...
Found 946 volumes for ['WO']
PCA reorientation test (round 4) | animals=['WO'] | workers=8
Results -> /zhome/1c/0/216847/Desktop/fagprojekt/HPC_round_4/experiments/WO

[1/1] pca_seg ...
   Pass 1/3: segment 10 volumes on 8 workers
   Pass 1 done in 20s
   Pass 2/3: PCA principal axis for 10 volumes
   Pass 2 done in 0.14s
   Pass 3/3: rotate + QA render 10 volumes on 8 workers
   Pass 3 done in 166s
      done: 10/10 rotated | p1=19.59s p2=0.14s p3=166.45s | check composites under /zhome/1c/0/216847/Desktop/fagprojekt/HPC_round_4/experiments/WO/pca_seg/composites/

Summary written to /zhome/1c/0/216847/Desktop/fagprojekt/HPC_round_4/experiments/WO/summary.csv
Composites for manual correctness counting are under /zhome/1c/0/216847/Desktop/fagprojekt/HPC_round_4/experiments/WO/pca_seg/composites/
Reminder: head/tail direction is NOT resolved -- count head-UP by hand; ~50% head-down is expected for a pure PCA axis alignment.
All species done.

------------------------------------------------------------
Sender: LSF System <lsfadmin@hpc.dtu.dk>
Subject: Job 28874684: <insect_pca4> in cluster <dcc> Done

Job <insect_pca4> was submitted from host <n-62-11-22> by user <s246136> in cluster <dcc> at Sun Jul  5 13:49:12 2026
Job was executed on host(s) <8*n-62-31-20>, in queue <hpc>, as user <s246136> in cluster <dcc> at Sun Jul  5 13:49:13 2026
</zhome/1c/0/216847> was used as the home directory.
</zhome/1c/0/216847/Desktop/fagprojekt> was used as the working directory.
Started at Sun Jul  5 13:49:13 2026
Terminated at Sun Jul  5 14:29:17 2026
Results reported at Sun Jul  5 14:29:17 2026

Your job looked like:

------------------------------------------------------------
# LSBATCH: User input
#!/bin/bash
# DTU HPC (LSF / bsub) submit script for HPC round 4: the PCA-based reorientation
# test (segment -> PCA principal axis -> Rodrigues rotate). Submit from the repo
# root:
#
#     bsub < HPC_round_4/run_pca_test_lsf.sh
#
# This runs the single `pca_seg` config for every species in SPECIES_LIST via
# HPC_round_4/run_pca_test.py, writing to <RESULTS>/<SPECIES>/. It is much cheaper
# than the DINO sweep: no GPU, no model load, no token extraction, no triangulation
# -- just segment + PCA + rotate, then the 6-view QA re-render.
#
# NO GPU is needed (PCA runs on the CPU). xvfb IS still needed: the QA re-render
# uses vedo/VTK offscreen rendering, which needs a virtual X display on the compute
# node -- hence the `xvfb-run -a` wrapper, same as the earlier rounds.
#
# Env-var overrides (all optional):
#   SPECIES_LIST  species to run            (default: all 12)
#   RESULTS_NAME  output dir under $PROJ    (default: HPC_round_4/experiments)

#BSUB -J insect_pca4
#BSUB -q hpc                  # CPU queue (no GPU needed). If `hpc` is unavailable
                              # to you, use a GPU queue that works, e.g. gpuv100 --
                              # the GPU will simply sit idle.
#BSUB -n 8                    # CPU cores -> ProcessPool workers (both passes)
#BSUB -R "rusage[mem=4GB]"    # PER CORE on DTU LSF -> 8 x 4 = 32 GB total
#BSUB -R "span[hosts=1]"
#BSUB -W 24:00                 # walltime hh:mm (1 cheap config/species -> finishes early)
# Everything for this round lives under the HPC_round_4/ subfolder (logs + results).
# These -o/-e paths are relative to the directory you SUBMIT from (= $PROJ, the repo
# root), so HPC_round_4/logs/ must already exist at submit time -- create it with
#     mkdir -p HPC_round_4/logs
# before `bsub < HPC_round_4/run_pca_test_lsf.sh`.
#BSUB -o HPC_round_4/logs/pca4_%J.out
#BSUB -e HPC_round_4/logs/pca4_%J.err

set -euo pipefail
PROJ=/zhome/1c/0/216847/Desktop/fagprojekt   # repo location on the cluster
cd "$PROJ"
mkdir -p HPC_round_4/logs

# --- environment ----------------------------------------------------------
source "$PROJ/venv/bin/activate"
# HF cache/offline are irrelevant here (no model is loaded) but harmless to set.
export HF_HOME="$PROJ/hf_cache"
export HF_HUB_OFFLINE=1

# --- run ------------------------------------------------------------------
# The BugNIST volumes already live on the shared project filesystem; point
# --original straight at them (no copy needed). xvfb-run gives the offscreen VTK

(... more ...)
------------------------------------------------------------

Successfully completed.

Resource usage summary:

    CPU time :                                   16651.00 sec.
    Max Memory :                                 3890 MB
    Average Memory :                             2717.40 MB
    Total Requested Memory :                     32768.00 MB
    Delta Memory :                               28878.00 MB
    Max Swap :                                   -
    Max Processes :                              15
    Max Threads :                                154
    Run time :                                   2404 sec.
    Turnaround time :                            2405 sec.

The output (if any) is above this job summary.



PS:

Read file <HPC_round_4/logs/pca4_28874684.err> for stderr output of this job.

